// Jest Snapshot v1, https://goo.gl/fbAQLP

exports[`should match the snapshot 1`] = `
<div
  className="movie-list-wrapper"
>
  <div
    className="movie-list-container"
  >
    a
  </div>
</div>
`;
